
> v-app@0.0.0 build
> tsc -b && vite build

[36mvite v6.4.1 [32mbuilding for production...[36m[39m
transforming...
[32mΓ£ô[39m 5320 modules transformed.
rendering chunks...
computing gzip size...
[2mdist/[22m[32mindex.html                                                           [39m[1m[2m    0.50 kB[22m[1m[22m[2m Γöé gzip:   0.34 kB[22m
[2mdist/[22m[32massets/OIP-B72nMq8u.jpg                                              [39m[1m[2m   22.77 kB[22m[1m[22m
[2mdist/[22m[32massets/icon-appstore-Bi88wTn9.png                                    [39m[1m[2m   39.49 kB[22m[1m[22m
[2mdist/[22m[32massets/icon-ggplay-BkxnOnYg.png                                      [39m[1m[2m   39.55 kB[22m[1m[22m
[2mdist/[22m[32massets/logo-04-DmTnEipQ.png                                          [39m[1m[2m   51.76 kB[22m[1m[22m
[2mdist/[22m[32massets/logo_icon-CUxPsctO.png                                        [39m[1m[2m   51.98 kB[22m[1m[22m
[2mdist/[22m[32massets/z7647955671785_98936622c47d9478792f5f1e089f019c-BwUUFEkd.jpg  [39m[1m[2m   67.24 kB[22m[1m[22m
[2mdist/[22m[32massets/z7647955076216_4c4927c8342292d8d9b6f24b005623ac-5E7DEML-.jpg  [39m[1m[2m   70.70 kB[22m[1m[22m
[2mdist/[22m[32massets/text-mekong-BO7uIEub.png                                      [39m[1m[2m  114.96 kB[22m[1m[22m
[2mdist/[22m[32massets/z7095173177015_0bff411471acd5c1fbab517199a42d97-BEiz1Tqa.jpg  [39m[1m[2m  128.21 kB[22m[1m[22m
[2mdist/[22m[32massets/z7094515145153_ae28f46bf82b42321011b25fb08f5040-pYC0hspn.jpg  [39m[1m[2m  128.98 kB[22m[1m[22m
[2mdist/[22m[32massets/z7647845510732_d89cf80d003625605f195b82242ef399-BBiGhD4M.jpg  [39m[1m[2m  129.29 kB[22m[1m[22m
[2mdist/[22m[32massets/z7103689622589_b517b53c1591fd4c7dd47522bfb7675e-DqJiEedX.jpg  [39m[1m[2m  141.50 kB[22m[1m[22m
[2mdist/[22m[32massets/z7647828681025_f911785e6192886dc3b11a8579fc1b66-VVFTtfqv.jpg  [39m[1m[2m  144.25 kB[22m[1m[22m
[2mdist/[22m[32massets/z7103689619635_6d0ad2794bb1871b6a8ec30710997a21-BS3Me3Kp.jpg  [39m[1m[2m  149.81 kB[22m[1m[22m
[2mdist/[22m[32massets/z7103689618194_bfcd34cbab63af626bb098b6e514fa12-B7srtxWf.jpg  [39m[1m[2m  156.05 kB[22m[1m[22m
[2mdist/[22m[32massets/z7045167620960_0e42406b35aa52fd8a97f0d7147d2434-CtVDx2I2.jpg  [39m[1m[2m  161.34 kB[22m[1m[22m
[2mdist/[22m[32massets/z7646280215380_7ec2347bd8213794c904d0592033ceea-pMCANeeo.jpg  [39m[1m[2m  170.08 kB[22m[1m[22m
[2mdist/[22m[32massets/z7103689618956_b34f05326b52be3b8320322ab8b5d981-CHmLTHvc.jpg  [39m[1m[2m  179.91 kB[22m[1m[22m
[2mdist/[22m[32massets/z7095172857740_ddb2d2b1448244ec7d42d701c3848fdf-U6uERkIs.jpg  [39m[1m[2m  181.82 kB[22m[1m[22m
[2mdist/[22m[32massets/z7103689618105_91921345bdbec7a89c4111401962fa5e-DD2dnfxN.jpg  [39m[1m[2m  182.13 kB[22m[1m[22m
[2mdist/[22m[32massets/z7095120058691_172770e0731ef28ad85c9b8912ddb629-BJia16kF.jpg  [39m[1m[2m  203.99 kB[22m[1m[22m
[2mdist/[22m[32massets/z7083951929100_09a170926bef88429f9091465233cca8-DwLXLYnL.jpg  [39m[1m[2m  214.76 kB[22m[1m[22m
[2mdist/[22m[32massets/post-03-B6iL4zoR.png                                          [39m[1m[2m  218.92 kB[22m[1m[22m
[2mdist/[22m[32massets/z7106818392660_3207dc48bfff990c2793fc26a865184a-DazgClDl.jpg  [39m[1m[2m  222.60 kB[22m[1m[22m
[2mdist/[22m[32massets/z7118259078996_49f9c61afda019b8508c52b8d4a16586-EhaO0msq.jpg  [39m[1m[2m  229.46 kB[22m[1m[22m
[2mdist/[22m[32massets/z7127324288661_01a7c300d476271886bf63f9dda1fbf9-CWUMY2kD.jpg  [39m[1m[2m  231.76 kB[22m[1m[22m
[2mdist/[22m[32massets/post-06-eQs5xIQL.png                                          [39m[1m[2m  238.67 kB[22m[1m[22m
[2mdist/[22m[32massets/z7077047975525_d2f4860bff1cf25d5682c83f69b2848b-V6U3WZ2f.jpg  [39m[1m[2m  243.15 kB[22m[1m[22m
[2mdist/[22m[32massets/z7106880810726_ac09bd625aa50cd5b476216278b14174-BT5G8LQC.jpg  [39m[1m[2m  261.71 kB[22m[1m[22m
[2mdist/[22m[32massets/z7095172112177_eb35a11418f307b408bbf8815048d6ce-xxkYFjU9.jpg  [39m[1m[2m  269.15 kB[22m[1m[22m
[2mdist/[22m[32massets/z7647828681024_9b0793ac94c432c38a7b7d3edb7b014b-JecdiUpH.jpg  [39m[1m[2m  276.00 kB[22m[1m[22m
[2mdist/[22m[32massets/z7095089295476_8ed30ccd19674f58277682cfba880011-BDUGlHyy.jpg  [39m[1m[2m  279.13 kB[22m[1m[22m
[2mdist/[22m[32massets/z7095245811208_fa89b7049a5004557e92bfbcc5d449e7-FCqENcCU.jpg  [39m[1m[2m  287.77 kB[22m[1m[22m
[2mdist/[22m[32massets/z7095235619735_8e62871467253fa2b25d6b9df574297d-CUlXXgrE.jpg  [39m[1m[2m  300.80 kB[22m[1m[22m
[2mdist/[22m[32massets/map-cantho-01-BcHQ6ds9.jpg                                    [39m[1m[2m  308.23 kB[22m[1m[22m
[2mdist/[22m[32massets/z7049466349135_0c75945d5eb408c5698235f1ebb408d0-d92GXBOr.jpg  [39m[1m[2m  312.71 kB[22m[1m[22m
[2mdist/[22m[32massets/post-08-ByW0jYQ-.png                                          [39m[1m[2m  356.97 kB[22m[1m[22m
[2mdist/[22m[32massets/post-05-Dl-lccxI.png                                          [39m[1m[2m  385.91 kB[22m[1m[22m
[2mdist/[22m[32massets/post-01-BFA2aD3H.png                                          [39m[1m[2m  419.86 kB[22m[1m[22m
[2mdist/[22m[32massets/z7042198046997_5371877f89b41d5f89cd325db4daccbe-B1leBxt2.jpg  [39m[1m[2m  488.34 kB[22m[1m[22m
[2mdist/[22m[32massets/post-02-BXBqDYkL.png                                          [39m[1m[2m  509.67 kB[22m[1m[22m
[2mdist/[22m[32massets/z7075324618796_0efeafcefb11a71e58f7c94c7838d089-CnfIOK-T.jpg  [39m[1m[2m  536.70 kB[22m[1m[22m
[2mdist/[22m[32massets/namecard_Artboard 2-04-BjCzwJhd.jpg                           [39m[1m[2m  623.91 kB[22m[1m[22m
[2mdist/[22m[32massets/Picsart_26-03-23_09-00-44-512-CseUT4YF.png                    [39m[1m[2m  628.80 kB[22m[1m[22m
[2mdist/[22m[32massets/post-04-DDNvTQSe.png                                          [39m[1m[2m  648.34 kB[22m[1m[22m
[2mdist/[22m[32massets/z7117843568653_e4a7ac4cf022b5b64896826518ecb290-CbcmZ4SC.jpg  [39m[1m[2m  709.10 kB[22m[1m[22m
[2mdist/[22m[32massets/fb-page-cCYJPYKw.png                                          [39m[1m[2m  710.11 kB[22m[1m[22m
[2mdist/[22m[32massets/Picsart_26-03-23_09-07-27-394-Cw1K2iZr.png                    [39m[1m[2m  714.40 kB[22m[1m[22m
[2mdist/[22m[32massets/z7636181854790_44fdf03d1e07bc824805c7e982282259-Dm1dMffL.jpg  [39m[1m[2m  731.02 kB[22m[1m[22m
[2mdist/[22m[32massets/three-smart-phone-TvCRgY39.png                                [39m[1m[2m  732.29 kB[22m[1m[22m
[2mdist/[22m[32massets/Screenshot 2026-03-23 124546-B9YkxjBP.png                     [39m[1m[2m  784.29 kB[22m[1m[22m
[2mdist/[22m[32massets/Picsart_26-03-23_08-58-16-479-By0mAx92.png                    [39m[1m[2m  806.31 kB[22m[1m[22m
[2mdist/[22m[32massets/z7609403711381_a9d1eae8203c045f4a92437231c1d112-RZKQllvM.jpg  [39m[1m[2m  816.91 kB[22m[1m[22m
[2mdist/[22m[32massets/Picsart_26-03-23_09-01-03-867-gw-fpI5N.png                    [39m[1m[2m  823.14 kB[22m[1m[22m
[2mdist/[22m[32massets/z7049470530460_29d729052d83014929fdb880bdd72972-DnPFujRl.jpg  [39m[1m[2m  923.01 kB[22m[1m[22m
[2mdist/[22m[32massets/backcard-BZgLXv63.jpg                                         [39m[1m[2m  951.32 kB[22m[1m[22m
[2mdist/[22m[32massets/Screenshot 2026-03-23 124429-SneRjVfL.png                     [39m[1m[2m  955.54 kB[22m[1m[22m
[2mdist/[22m[32massets/z7049486242354_a96565602a6320f45e07bf0e75e30a2b-CukKiDKA.jpg  [39m[1m[2m  963.36 kB[22m[1m[22m
[2mdist/[22m[32massets/Picsart_26-03-23_09-01-22-698-C-OSTHIr.png                    [39m[1m[2m1,223.09 kB[22m[1m[22m
[2mdist/[22m[32massets/background-CCBm8zms.jpg                                       [39m[1m[2m1,269.00 kB[22m[1m[22m
[2mdist/[22m[32massets/z7068060380348_bc0e087367575adbc7cd23b01423d4b9-DJTE-gc2.jpg  [39m[1m[2m1,450.19 kB[22m[1m[22m
[2mdist/[22m[32massets/z7055261144015_309abf4e073911d8f3175b70401b54bd-DlJn0zwg.jpg  [39m[1m[2m1,597.68 kB[22m[1m[22m
[2mdist/[22m[32massets/ai-solution-6x3hMmFd.png                                      [39m[1m[2m1,945.55 kB[22m[1m[22m
[2mdist/[22m[32massets/hoang-DJSjBVh_.jpg                                            [39m[1m[2m2,156.80 kB[22m[1m[22m
[2mdist/[22m[32massets/tran-BJ8g6QSB.jpg                                             [39m[1m[2m2,217.83 kB[22m[1m[22m
[2mdist/[22m[32massets/vui-DU-pH6DM.jpg                                              [39m[1m[2m2,221.51 kB[22m[1m[22m
[2mdist/[22m[32massets/quynh-BXRIX5gL.jpg                                            [39m[1m[2m2,342.72 kB[22m[1m[22m
[2mdist/[22m[32massets/thao-AYk1rLqE.jpg                                             [39m[1m[2m2,378.33 kB[22m[1m[22m
[2mdist/[22m[35massets/index-lhnKE_TU.css                                            [39m[1m[2m   15.63 kB[22m[1m[22m[2m Γöé gzip:   3.06 kB[22m
[2mdist/[22m[36massets/index-rpUtkXmd.js                                             [39m[1m[33m1,085.21 kB[39m[22m[2m Γöé gzip: 345.31 kB[22m
npm : [33m
At line:1 char:1
+ npm run build > build_output.txt 2>&1
+ ~~~~~~~~~~~~~~~~~~~~~~~~~~~~~~~~~~~~~
    + CategoryInfo          : NotSpecified: 
    ([33m:String) [], RemoteException
    + FullyQualifiedErrorId : NativeCommand 
   Error
 
(!) Some chunks are larger than 500 kB 
after minification. Consider:
- Using dynamic import() to code-split the 
application
- Use 
build.rollupOptions.output.manualChunks to 
improve chunking: https://rollupjs.org/confi
guration-options/#output-manualchunks
- Adjust chunk size limit for this warning 
via build.chunkSizeWarningLimit.[39m
[32mΓ£ô built in 10.94s[39m
